I'm sorry, but errors were detected in your script. Please correct the
errors listed below, and try again.


File "game/screens.rpy", line 27: invalid syntax
    if renpy.variant("web"):\
    ^^

Ren'Py Version: Ren'Py 8.5.3.26051504
Fri Jun 19 13:32:03 2026
